// Jest Snapshot v1, https://goo.gl/fbAQLP

exports[`1 Default render 1`] = `
<div>
  <h2
    class="MuiTypography-root MuiTypography-h6 MuiDialogTitle-root css-bdhsul-MuiTypography-root-MuiDialogTitle-root"
  >
    <button
      aria-label="close"
      class="MuiButtonBase-root MuiIconButton-root MuiIconButton-sizeMedium css-lc2yqr-MuiButtonBase-root-MuiIconButton-root"
      tabindex="0"
      type="button"
    >
      <svg
        aria-hidden="true"
        class="MuiSvgIcon-root MuiSvgIcon-fontSizeMedium css-i4bv87-MuiSvgIcon-root"
        data-testid="CloseIcon"
        focusable="false"
        viewBox="0 0 24 24"
      >
        <path
          d="M19 6.41 17.59 5 12 10.59 6.41 5 5 6.41 10.59 12 5 17.59 6.41 19 12 13.41 17.59 19 19 17.59 13.41 12z"
        />
      </svg>
      <span
        class="MuiTouchRipple-root css-8je8zh-MuiTouchRipple-root"
      />
    </button>
  </h2>
  <div
    class="MuiDialogContent-root css-ypiqx9-MuiDialogContent-root"
  >
    <div
      class="MuiBox-root css-1dobh3l"
    >
      <div
        class="MuiBox-root css-jmbq56"
      >
        Symbol
      </div>
       
      <div
        class="MuiBox-root css-1i5zo8a"
      >
        USDA
      </div>
    </div>
    <div
      class="MuiBox-root css-1dobh3l"
    >
      <div
        class="MuiBox-root css-jmbq56"
      >
        Contract address
      </div>
       
      <div
        class="MuiBox-root css-1i5zo8a"
      >
        SP2C2YFP12AJZB4MABJBAJ55XECVS7E4PMMZ89YZR.usda-token
      </div>
    </div>
    <div
      class="MuiBox-root css-1dobh3l"
    >
      <div
        class="MuiBox-root css-jmbq56"
      >
        Decimals
      </div>
       
      <div
        class="MuiBox-root css-1i5zo8a"
      >
        6
      </div>
    </div>
  </div>
</div>
`;
