// Jest Snapshot v1, https://goo.gl/fbAQLP

exports[`1 Default render 1`] = `
<div>
  <button
    class="MuiButtonBase-root MuiButton-root MuiButton-outlined MuiButton-outlinedInfo MuiButton-sizeSmall MuiButton-outlinedSizeSmall css-1kmv2jn-MuiButtonBase-root-MuiButton-root"
    tabindex="0"
    type="button"
  >
    Test Strategy
    <span
      class="MuiTouchRipple-root css-8je8zh-MuiTouchRipple-root"
    />
  </button>
</div>
`;

exports[`2 Empty strategy 1`] = `<div />`;
